// Jest Snapshot v1, https://goo.gl/fbAQLP

exports[`Match the snapshot when category exists 1`] = `"<ul class=\\"MuiList-root-1 MuiList-padding-2\\"><li class=\\"MuiListItem-root-5 MuiListItem-default-8 MuiListItem-gutters-12\\"><div class=\\"sc-bwzfXH jwfMIB\\"><div class=\\"MuiPaper-root-16 MuiPaper-elevation1-19 MuiPaper-rounded-17 MuiCard-root-15\\"><div class=\\"MuiCardHeader-root-43\\" data-test=\\"id\\"><div class=\\"MuiCardHeader-content-46\\"><span class=\\"MuiTypography-root-49 MuiTypography-headline-54 MuiCardHeader-title-47\\"><b></b></span></div></div><div class=\\"MuiCardContent-root-73\\" data-test=\\"titles\\"></div><div class=\\"MuiCardContent-root-73\\" data-test=\\"description\\"><div></div></div></div></div></li></ul>"`;

exports[`Match the snapshot when category is nothing 1`] = `"<ul class=\\"MuiList-root-1 MuiList-padding-2\\"><li class=\\"MuiListItem-root-5 MuiListItem-default-8 MuiListItem-gutters-12\\"><div class=\\"sc-bwzfXH jwfMIB\\"><div class=\\"MuiPaper-root-16 MuiPaper-elevation1-19 MuiPaper-rounded-17 MuiCard-root-15\\"><div class=\\"MuiCardHeader-root-43\\" data-test=\\"id\\"><div class=\\"MuiCardHeader-content-46\\"><span class=\\"MuiTypography-root-49 MuiTypography-headline-54 MuiCardHeader-title-47\\"><b></b></span></div></div><div class=\\"MuiCardContent-root-73\\" data-test=\\"titles\\"></div><div class=\\"MuiCardContent-root-73\\" data-test=\\"description\\"><div></div></div></div></div></li></ul>"`;
