// Jest Snapshot v1, https://goo.gl/fbAQLP

exports[`Match the snapshot 1`] = `"<div class=\\"sc-bwzfXH kFKloX\\">Parent<div class=\\"sc-bdVaJa fQaGEY\\"><div><span class=\\"count\\">1</span><button class=\\"add-count\\">ADD</button></div><div><span class=\\"saga-count\\">2</span><button class=\\"add-saga-count\\">ADD</button>â€»redux-saga sample</div></div></div>"`;
