// Jest Snapshot v1, https://goo.gl/fbAQLP

exports[`Match the snapshot 1`] = `
<DocumentFragment>
  <div
    class="MuiPaper-root MuiPaper-elevation MuiPaper-rounded MuiPaper-elevation1 css-11l9k5w-MuiPaper-root"
  >
    <div
      class="MuiInput-root MuiInput-underline MuiInputBase-root MuiInputBase-colorPrimary css-168pjvi-MuiInputBase-root-MuiInput-root"
    >
      <input
        class="MuiInput-input MuiInputBase-input css-1x51dt5-MuiInputBase-input-MuiInput-input"
        data-testid="search-bar-input"
        placeholder="Search..."
        type="text"
        value=""
      />
    </div>
    <svg
      aria-hidden="true"
      class="MuiSvgIcon-root MuiSvgIcon-fontSizeMedium css-1ddhjnx-MuiSvgIcon-root"
      data-testid="SearchIcon"
      focusable="false"
      viewBox="0 0 24 24"
    >
      <path
        d="M15.5 14h-.79l-.28-.27C15.41 12.59 16 11.11 16 9.5 16 5.91 13.09 3 9.5 3S3 5.91 3 9.5 5.91 16 9.5 16c1.61 0 3.09-.59 4.23-1.57l.27.28v.79l5 4.99L20.49 19l-4.99-5zm-6 0C7.01 14 5 11.99 5 9.5S7.01 5 9.5 5 14 7.01 14 9.5 11.99 14 9.5 14z"
      />
    </svg>
  </div>
</DocumentFragment>
`;
