// Jest Snapshot v1, https://goo.gl/fbAQLP

exports[`Match the snapshot 1`] = `"<ul class=\\"MuiList-root-1 MuiList-padding-2\\"><li class=\\"MuiListItem-root-5 MuiListItem-default-8 MuiListItem-gutters-12\\"><div class=\\"sc-bdVaJa UoSJW\\"><div class=\\"MuiPaper-root-16 MuiPaper-elevation1-19 MuiPaper-rounded-17 MuiCard-root-15\\"><div class=\\"MuiCardHeader-root-43\\" data-test=\\"id\\"><div class=\\"MuiCardHeader-content-46\\"><span class=\\"MuiTypography-root-49 MuiTypography-headline-54 MuiCardHeader-title-47\\"><b>Vue.js</b></span></div></div><div class=\\"MuiCardContent-root-73\\" data-test=\\"titles\\"><div role=\\"button\\" class=\\"MuiChip-root-74\\" tabindex=\\"-1\\"><span class=\\"MuiChip-label-79\\">Vue</span></div><div role=\\"button\\" class=\\"MuiChip-root-74\\" tabindex=\\"-1\\"><span class=\\"MuiChip-label-79\\">Vue.js</span></div></div><div class=\\"MuiCardContent-root-73\\" data-test=\\"description\\"><div>It a Vue.js</div></div></div></div></li></ul>"`;
