// Jest Snapshot v1, https://goo.gl/fbAQLP

exports[`Match the snapshot The isLogin is false 1`] = `""`;

exports[`Match the snapshot The isLogin is true 1`] = `"<header class=\\"MuiPaper-root MuiAppBar-root MuiAppBar-positionStatic MuiAppBar-colorPrimary MuiPaper-elevation4\\"><div class=\\"MuiTabs-root\\" data-test=\\"category-tabs\\"><div style=\\"width:99px;height:99px;position:absolute;top:-9999px;overflow:scroll\\" class=\\"MuiTabs-scrollable\\"></div><div class=\\"MuiTabs-scroller MuiTabs-scrollable\\" style=\\"overflow:hidden\\"><div class=\\"MuiTabs-flexContainer\\" role=\\"tablist\\"><a class=\\"MuiButtonBase-root MuiTab-root MuiTab-textColorInherit\\" tabindex=\\"0\\" role=\\"tab\\" aria-disabled=\\"false\\" aria-selected=\\"false\\" href=\\"/\\"><span class=\\"MuiTab-wrapper\\">Summary</span></a><a class=\\"MuiButtonBase-root MuiTab-root MuiTab-textColorInherit\\" tabindex=\\"0\\" role=\\"tab\\" aria-disabled=\\"false\\" aria-selected=\\"false\\" href=\\"/apache\\"><span class=\\"MuiTab-wrapper\\">Apache</span></a><a class=\\"MuiButtonBase-root MuiTab-root MuiTab-textColorInherit\\" tabindex=\\"0\\" role=\\"tab\\" aria-disabled=\\"false\\" aria-selected=\\"false\\" href=\\"/architecture\\"><span class=\\"MuiTab-wrapper\\">Architecture</span></a><a class=\\"MuiButtonBase-root MuiTab-root MuiTab-textColorInherit\\" tabindex=\\"0\\" role=\\"tab\\" aria-disabled=\\"false\\" aria-selected=\\"false\\" href=\\"/aws\\"><span class=\\"MuiTab-wrapper\\">AWS</span></a><a class=\\"MuiButtonBase-root MuiTab-root MuiTab-textColorInherit\\" tabindex=\\"0\\" role=\\"tab\\" aria-disabled=\\"false\\" aria-selected=\\"false\\" href=\\"/browser\\"><span class=\\"MuiTab-wrapper\\">Browser</span></a><a class=\\"MuiButtonBase-root MuiTab-root MuiTab-textColorInherit\\" tabindex=\\"0\\" role=\\"tab\\" aria-disabled=\\"false\\" aria-selected=\\"false\\" href=\\"/ci\\"><span class=\\"MuiTab-wrapper\\">CI</span></a><a class=\\"MuiButtonBase-root MuiTab-root MuiTab-textColorInherit\\" tabindex=\\"0\\" role=\\"tab\\" aria-disabled=\\"false\\" aria-selected=\\"false\\" href=\\"/compiler\\"><span class=\\"MuiTab-wrapper\\">Compiler</span></a><a class=\\"MuiButtonBase-root MuiTab-root MuiTab-textColorInherit\\" tabindex=\\"0\\" role=\\"tab\\" aria-disabled=\\"false\\" aria-selected=\\"false\\" href=\\"/css\\"><span class=\\"MuiTab-wrapper\\">CSS</span></a><a class=\\"MuiButtonBase-root MuiTab-root MuiTab-textColorInherit\\" tabindex=\\"0\\" role=\\"tab\\" aria-disabled=\\"false\\" aria-selected=\\"false\\" href=\\"/design\\"><span class=\\"MuiTab-wrapper\\">Design</span></a><a class=\\"MuiButtonBase-root MuiTab-root MuiTab-textColorInherit\\" tabindex=\\"0\\" role=\\"tab\\" aria-disabled=\\"false\\" aria-selected=\\"false\\" href=\\"/docker\\"><span class=\\"MuiTab-wrapper\\">Docker</span></a><a class=\\"MuiButtonBase-root MuiTab-root MuiTab-textColorInherit\\" tabindex=\\"0\\" role=\\"tab\\" aria-disabled=\\"false\\" aria-selected=\\"false\\" href=\\"/firebase\\"><span class=\\"MuiTab-wrapper\\">Firebase</span></a><a class=\\"MuiButtonBase-root MuiTab-root MuiTab-textColorInherit\\" tabindex=\\"0\\" role=\\"tab\\" aria-disabled=\\"false\\" aria-selected=\\"false\\" href=\\"/go\\"><span class=\\"MuiTab-wrapper\\">Go</span></a><a class=\\"MuiButtonBase-root MuiTab-root MuiTab-textColorInherit\\" tabindex=\\"0\\" role=\\"tab\\" aria-disabled=\\"false\\" aria-selected=\\"false\\" href=\\"/hardware\\"><span class=\\"MuiTab-wrapper\\">Hardware</span></a><a class=\\"MuiButtonBase-root MuiTab-root MuiTab-textColorInherit\\" tabindex=\\"0\\" role=\\"tab\\" aria-disabled=\\"false\\" aria-selected=\\"false\\" href=\\"/html\\"><span class=\\"MuiTab-wrapper\\">HTML</span></a><a class=\\"MuiButtonBase-root MuiTab-root MuiTab-textColorInherit\\" tabindex=\\"0\\" role=\\"tab\\" aria-disabled=\\"false\\" aria-selected=\\"false\\" href=\\"/js\\"><span class=\\"MuiTab-wrapper\\">JS</span></a><a class=\\"MuiButtonBase-root MuiTab-root MuiTab-textColorInherit\\" tabindex=\\"0\\" role=\\"tab\\" aria-disabled=\\"false\\" aria-selected=\\"false\\" href=\\"/language\\"><span class=\\"MuiTab-wrapper\\">Language</span></a><a class=\\"MuiButtonBase-root MuiTab-root MuiTab-textColorInherit\\" tabindex=\\"0\\" role=\\"tab\\" aria-disabled=\\"false\\" aria-selected=\\"false\\" href=\\"/ml\\"><span class=\\"MuiTab-wrapper\\">ML</span></a><a class=\\"MuiButtonBase-root MuiTab-root MuiTab-textColorInherit\\" tabindex=\\"0\\" role=\\"tab\\" aria-disabled=\\"false\\" aria-selected=\\"false\\" href=\\"/mobile\\"><span class=\\"MuiTab-wrapper\\">Mobile</span></a><a class=\\"MuiButtonBase-root MuiTab-root MuiTab-textColorInherit\\" tabindex=\\"0\\" role=\\"tab\\" aria-disabled=\\"false\\" aria-selected=\\"false\\" href=\\"/module-bundler\\"><span class=\\"MuiTab-wrapper\\">Module Bundler</span></a><a class=\\"MuiButtonBase-root MuiTab-root MuiTab-textColorInherit\\" tabindex=\\"0\\" role=\\"tab\\" aria-disabled=\\"false\\" aria-selected=\\"false\\" href=\\"/network\\"><span class=\\"MuiTab-wrapper\\">Network</span></a><a class=\\"MuiButtonBase-root MuiTab-root MuiTab-textColorInherit\\" tabindex=\\"0\\" role=\\"tab\\" aria-disabled=\\"false\\" aria-selected=\\"false\\" href=\\"/package-manager\\"><span class=\\"MuiTab-wrapper\\">Package Manager</span></a><a class=\\"MuiButtonBase-root MuiTab-root MuiTab-textColorInherit\\" tabindex=\\"0\\" role=\\"tab\\" aria-disabled=\\"false\\" aria-selected=\\"false\\" href=\\"/programming\\"><span class=\\"MuiTab-wrapper\\">Programming</span></a><a class=\\"MuiButtonBase-root MuiTab-root MuiTab-textColorInherit\\" tabindex=\\"0\\" role=\\"tab\\" aria-disabled=\\"false\\" aria-selected=\\"false\\" href=\\"/python\\"><span class=\\"MuiTab-wrapper\\">Python</span></a><a class=\\"MuiButtonBase-root MuiTab-root MuiTab-textColorInherit Mui-selected\\" tabindex=\\"0\\" role=\\"tab\\" aria-disabled=\\"false\\" aria-selected=\\"true\\" href=\\"/react\\"><span class=\\"MuiTab-wrapper\\">React</span><span class=\\"PrivateTabIndicator-root-62 PrivateTabIndicator-colorSecondary-64 MuiTabs-indicator\\"></span></a><a class=\\"MuiButtonBase-root MuiTab-root MuiTab-textColorInherit\\" tabindex=\\"0\\" role=\\"tab\\" aria-disabled=\\"false\\" aria-selected=\\"false\\" href=\\"/scala\\"><span class=\\"MuiTab-wrapper\\">Scala</span></a><a class=\\"MuiButtonBase-root MuiTab-root MuiTab-textColorInherit\\" tabindex=\\"0\\" role=\\"tab\\" aria-disabled=\\"false\\" aria-selected=\\"false\\" href=\\"/server\\"><span class=\\"MuiTab-wrapper\\">Server</span></a><a class=\\"MuiButtonBase-root MuiTab-root MuiTab-textColorInherit\\" tabindex=\\"0\\" role=\\"tab\\" aria-disabled=\\"false\\" aria-selected=\\"false\\" href=\\"/swift\\"><span class=\\"MuiTab-wrapper\\">Swift</span></a><a class=\\"MuiButtonBase-root MuiTab-root MuiTab-textColorInherit\\" tabindex=\\"0\\" role=\\"tab\\" aria-disabled=\\"false\\" aria-selected=\\"false\\" href=\\"/vue\\"><span class=\\"MuiTab-wrapper\\">Vue.js</span></a><a class=\\"MuiButtonBase-root MuiTab-root MuiTab-textColorInherit\\" tabindex=\\"0\\" role=\\"tab\\" aria-disabled=\\"false\\" aria-selected=\\"false\\" href=\\"/words\\"><span class=\\"MuiTab-wrapper\\">Words</span></a><a class=\\"MuiButtonBase-root MuiTab-root MuiTab-textColorInherit\\" tabindex=\\"0\\" role=\\"tab\\" aria-disabled=\\"false\\" aria-selected=\\"false\\" href=\\"/workflow-engine\\"><span class=\\"MuiTab-wrapper\\">Workflow Engine</span></a></div></div></div></header>"`;
