// Jest Snapshot v1, https://goo.gl/fbAQLP

exports[`Match the snapshot category exists 1`] = `"<ul class=\\"MuiList-root MuiList-padding\\" data-test=\\"words\\"><li class=\\"MuiListItem-root MuiListItem-gutters\\"><div class=\\"MuiPaper-root sc-AxjAm hmMezx MuiPaper-elevation1 MuiPaper-rounded\\"><div class=\\"MuiInputBase-root MuiInput-root MuiInput-underline sc-AxirZ dzevfP\\" data-test=\\"search-bar-input\\"><input type=\\"text\\" placeholder=\\"Search...\\" class=\\"MuiInputBase-input MuiInput-input\\"/></div><span class=\\"material-icons MuiIcon-root sc-AxiKw hhXvMk\\" aria-hidden=\\"true\\"><svg class=\\"MuiSvgIcon-root\\" focusable=\\"false\\" viewBox=\\"0 0 24 24\\" aria-hidden=\\"true\\" role=\\"presentation\\"><path d=\\"M15.5 14h-.79l-.28-.27C15.41 12.59 16 11.11 16 9.5 16 5.91 13.09 3 9.5 3S3 5.91 3 9.5 5.91 16 9.5 16c1.61 0 3.09-.59 4.23-1.57l.27.28v.79l5 4.99L20.49 19l-4.99-5zm-6 0C7.01 14 5 11.99 5 9.5S7.01 5 9.5 5 14 7.01 14 9.5 11.99 14 9.5 14z\\"></path></svg></span></div></li><li class=\\"MuiListItem-root MuiListItem-gutters\\"><div class=\\"sc-AxhUy dWeUmw\\"><div class=\\"MuiPaper-root MuiCard-root MuiPaper-elevation1 MuiPaper-rounded\\"><div class=\\"MuiCardHeader-root\\" data-test=\\"id\\"><div class=\\"MuiCardHeader-content\\"><span class=\\"MuiTypography-root MuiCardHeader-title MuiTypography-h5 MuiTypography-displayBlock\\"><h3>React</h3></span></div></div><div class=\\"MuiCardContent-root\\" data-test=\\"titles\\"><span class=\\"sc-AxhCb bqDdOh\\"><div class=\\"MuiChip-root\\"><span class=\\"MuiChip-label\\">React</span></div></span></div><div class=\\"MuiCardContent-root\\" data-test=\\"description\\"><p>It a React</p></div></div></div></li></ul>"`;

exports[`Match the snapshot category is nothing 1`] = `"<ul class=\\"MuiList-root MuiList-padding\\" data-test=\\"words\\"><li class=\\"MuiListItem-root MuiListItem-gutters\\"><div class=\\"MuiPaper-root sc-AxjAm hmMezx MuiPaper-elevation1 MuiPaper-rounded\\"><div class=\\"MuiInputBase-root MuiInput-root MuiInput-underline sc-AxirZ dzevfP\\" data-test=\\"search-bar-input\\"><input type=\\"text\\" placeholder=\\"Search...\\" class=\\"MuiInputBase-input MuiInput-input\\"/></div><span class=\\"material-icons MuiIcon-root sc-AxiKw hhXvMk\\" aria-hidden=\\"true\\"><svg class=\\"MuiSvgIcon-root\\" focusable=\\"false\\" viewBox=\\"0 0 24 24\\" aria-hidden=\\"true\\" role=\\"presentation\\"><path d=\\"M15.5 14h-.79l-.28-.27C15.41 12.59 16 11.11 16 9.5 16 5.91 13.09 3 9.5 3S3 5.91 3 9.5 5.91 16 9.5 16c1.61 0 3.09-.59 4.23-1.57l.27.28v.79l5 4.99L20.49 19l-4.99-5zm-6 0C7.01 14 5 11.99 5 9.5S7.01 5 9.5 5 14 7.01 14 9.5 11.99 14 9.5 14z\\"></path></svg></span></div></li><li class=\\"MuiListItem-root MuiListItem-gutters\\"><div class=\\"sc-AxhUy dWeUmw\\"><div class=\\"MuiPaper-root MuiCard-root MuiPaper-elevation1 MuiPaper-rounded\\"><div class=\\"MuiCardHeader-root\\" data-test=\\"id\\"><div class=\\"MuiCardHeader-content\\"><span class=\\"MuiTypography-root MuiCardHeader-title MuiTypography-h5 MuiTypography-displayBlock\\"><h3>Vue.js</h3></span></div></div><div class=\\"MuiCardContent-root\\" data-test=\\"titles\\"><span class=\\"sc-AxhCb bqDdOh\\"><div class=\\"MuiChip-root\\"><span class=\\"MuiChip-label\\">Vue</span></div></span><span class=\\"sc-AxhCb bqDdOh\\"><div class=\\"MuiChip-root\\"><span class=\\"MuiChip-label\\">Vue.js</span></div></span></div><div class=\\"MuiCardContent-root\\" data-test=\\"description\\"><p>It a Vue.js</p></div></div></div></li><li class=\\"MuiListItem-root MuiListItem-gutters\\"><div class=\\"sc-AxhUy dWeUmw\\"><div class=\\"MuiPaper-root MuiCard-root MuiPaper-elevation1 MuiPaper-rounded\\"><div class=\\"MuiCardHeader-root\\" data-test=\\"id\\"><div class=\\"MuiCardHeader-content\\"><span class=\\"MuiTypography-root MuiCardHeader-title MuiTypography-h5 MuiTypography-displayBlock\\"><h3>React</h3></span></div></div><div class=\\"MuiCardContent-root\\" data-test=\\"titles\\"><span class=\\"sc-AxhCb bqDdOh\\"><div class=\\"MuiChip-root\\"><span class=\\"MuiChip-label\\">React</span></div></span></div><div class=\\"MuiCardContent-root\\" data-test=\\"description\\"><p>It a React</p></div></div></div></li></ul>"`;

exports[`Match the snapshot category not exists 1`] = `"<ul class=\\"MuiList-root MuiList-padding\\" data-test=\\"words\\"><li class=\\"MuiListItem-root MuiListItem-gutters\\"><div class=\\"MuiPaper-root sc-AxjAm hmMezx MuiPaper-elevation1 MuiPaper-rounded\\"><div class=\\"MuiInputBase-root MuiInput-root MuiInput-underline sc-AxirZ dzevfP\\" data-test=\\"search-bar-input\\"><input type=\\"text\\" placeholder=\\"Search...\\" class=\\"MuiInputBase-input MuiInput-input\\"/></div><span class=\\"material-icons MuiIcon-root sc-AxiKw hhXvMk\\" aria-hidden=\\"true\\"><svg class=\\"MuiSvgIcon-root\\" focusable=\\"false\\" viewBox=\\"0 0 24 24\\" aria-hidden=\\"true\\" role=\\"presentation\\"><path d=\\"M15.5 14h-.79l-.28-.27C15.41 12.59 16 11.11 16 9.5 16 5.91 13.09 3 9.5 3S3 5.91 3 9.5 5.91 16 9.5 16c1.61 0 3.09-.59 4.23-1.57l.27.28v.79l5 4.99L20.49 19l-4.99-5zm-6 0C7.01 14 5 11.99 5 9.5S7.01 5 9.5 5 14 7.01 14 9.5 11.99 14 9.5 14z\\"></path></svg></span></div></li></ul>"`;

exports[`Match the snapshot isLogin is false 1`] = `""`;
